2026-09-06 17:11:57,580+0800 INFO  miktex - this is One MiKTeX Utility 1.11 (MiKTeX 25.12)
2026-09-06 17:11:57,580+0800 INFO  miktex - this process (5080) started by pdftotext in directory D:\Projtcts\shenlun with command line: miktex --quiet fndb refresh
2026-09-06 17:11:57,581+0800 INFO  miktex - Creating FNDB for user root directory (D:\Projtcts\shenlun\.miktex\config)...
2026-09-06 17:11:57,605+0800 ERROR miktex.core - 拒绝访问。

2026-09-06 17:11:57,605+0800 ERROR miktex.core - Function: RegCreateKeyExW
2026-09-06 17:11:57,605+0800 ERROR miktex.core - Result: 5
2026-09-06 17:11:57,605+0800 ERROR miktex.core - Data: path="Software\MiKTeX.org\MiKTeX\2.9\Core"
2026-09-06 17:11:57,605+0800 ERROR miktex.core - Source: Libraries\MiKTeX\Core\win\winRegistry.cpp:207
2026-09-06 17:11:57,608+0800 FATAL miktex - Windows API error 5: 拒绝访问。

2026-09-06 17:11:57,609+0800 FATAL miktex - Info: path="Software\MiKTeX.org\MiKTeX\2.9\Core"
2026-09-06 17:11:57,609+0800 FATAL miktex - Source: Libraries\MiKTeX\Core\win\winRegistry.cpp
2026-09-06 17:11:57,609+0800 FATAL miktex - Line: 207
2026-09-06 17:11:57,609+0800 INFO  miktex - this process (5080) finishes with exit code 1
2026-09-06 17:11:57,672+0800 INFO  miktex - this is One MiKTeX Utility 1.11 (MiKTeX 25.12)
2026-09-06 17:11:57,672+0800 INFO  miktex - this process (10972) started by pdftotext in directory D:\Projtcts\shenlun with command line: miktex --quiet fontmaps configure
2026-09-06 17:11:57,673+0800 INFO  miktex - Parsing configuration file C:\Users\ASUS\AppData\Local\Programs\MiKTeX\miktex/config\updmap.cfg...
2026-09-06 17:12:00,049+0800 INFO  miktex - Writing D:\Projtcts\shenlun\.miktex\data\fonts\map\dvipdfmx\kanjix.map...
2026-09-06 17:12:00,056+0800 ERROR miktex.core - 拒绝访问。

2026-09-06 17:12:00,056+0800 ERROR miktex.core - Function: RegCreateKeyExW
2026-09-06 17:12:00,056+0800 ERROR miktex.core - Result: 5
2026-09-06 17:12:00,056+0800 ERROR miktex.core - Data: path="Software\MiKTeX.org\MiKTeX\2.9\Core"
2026-09-06 17:12:00,056+0800 ERROR miktex.core - Source: Libraries\MiKTeX\Core\win\winRegistry.cpp:207
2026-09-06 17:12:00,057+0800 FATAL miktex - Windows API error 5: 拒绝访问。

2026-09-06 17:12:00,057+0800 FATAL miktex - Info: path="Software\MiKTeX.org\MiKTeX\2.9\Core"
2026-09-06 17:12:00,057+0800 FATAL miktex - Source: Libraries\MiKTeX\Core\win\winRegistry.cpp
2026-09-06 17:12:00,057+0800 FATAL miktex - Line: 207
2026-09-06 17:12:00,058+0800 INFO  miktex - this process (10972) finishes with exit code 1
